Microchip MPLAB XC8 Compiler V1.10 ()

Linker command line:

--edf=C:\Program Files (x86)\Microchip\xc8\v1.10\dat\en_msgs.txt -cs \
  -h+dist/default/production\RS232.X.production.sym -z -Q16F873 -ol.obj \
  -Mdist/default/production/RS232.X.production.map -E1 -ver=XC8 \
  -ACONST=00h-0FFhx16 -ACODE=00h-07FFhx2 -ASTRCODE=00h-0FFFh \
  -AENTRY=00h-0FFhx16 -ASTRING=00h-0FFhx16 -ABANK0=020h-07Dh \
  -ABANK1=0A0h-0FDh -ARAM=020h-07Dh,0A0h-0FDh -AABS1=020h-07Fh,0A0h-0FFh \
  -ACOMMON=07Eh-07Fh -ASFR0=00h-01Fh -ASFR1=080h-09Fh -ASFR2=0100h-017Dh \
  -ASFR3=0180h-01FDh -preset_vec=00h,intentry,init,end_init -ppowerup=CODE \
  -pfunctab=CODE -ACONFIG=02007h-02007h -pconfig=CONFIG -DCONFIG=2 \
  -AIDLOC=02000h-02003h -pidloc=IDLOC -DIDLOC=2 -AEEDATA=00h-07Fh/02100h \
  -peeprom_data=EEDATA -DEEDATA=2 -DCODE=2 -DSTRCODE=2 -DSTRING=2 -DCONST=2 \
  -DENTRY=2 -k C:\Users\Leo\AppData\Local\Temp\s55c.obj \
  dist/default/production\RS232.X.production.obj 

Object code version is 3.10

Machine type is 16F873



                Name                               Link     Load   Length Selector   Space Scale
C:\Users\Leo\AppData\Local\Temp\s55c.obj
                end_init                              0        0        2        0       0
                idloc                              2000     2000        4     4000       0
                config                             2007     2007        1     400E       0
dist/default/production\RS232.X.production.obj
                maintext                            7BE      7BE        2      F7C       0
                cstackBANK0                          3D       3D        4       20       1
                inittext                            7C0      7C0       11      F80       0
                dataBANK0                            20       20       1D       20       1
                bssBANK0                             41       41        3       20       1
                cinit                               7D1      7D1       12      FA2       0
                idataBANK0                          7E3      7E3       1D      FC6       0

TOTAL           Name                               Link     Load   Length     Space
        CLASS   CONST          

        CLASS   CODE           
                end_init                              0        0        2         0
                maintext                            7BE      7BE        2         0
                inittext                            7C0      7C0       11         0
                cinit                               7D1      7D1       12         0
                idataBANK0                          7E3      7E3       1D         0

        CLASS   STRCODE        

        CLASS   ENTRY          

        CLASS   STRING         

        CLASS   BANK0          
                cstackBANK0                          3D       3D        4         1
                dataBANK0                            20       20       1D         1
                bssBANK0                             41       41        3         1

        CLASS   BANK1          

        CLASS   RAM            

        CLASS   ABS1           
                abs_s1                               7E       7E        2         1

        CLASS   COMMON         

        CLASS   SFR0           

        CLASS   SFR1           

        CLASS   SFR2           

        CLASS   SFR3           

        CLASS   CONFIG         
                config                             2007     2007        1         0

        CLASS   IDLOC          
                idloc                              2000     2000        4         0

        CLASS   EEDATA         

        CLASS   BANK3          

        CLASS   BANK2          



SEGMENTS        Name                           Load    Length   Top    Selector   Space  Class     Delta

                reset_vec                      000000  000002  000002         0       0  CODE        2
                dataBANK0                      000020  000024  000044        20       1  BANK0       1
                maintext                       0007BE  000002  0007C0       F7C       0  CODE        2
                inittext                       0007C0  000011  0007D1       F80       0  CODE        2
                cinit                          0007D1  000012  0007E3       FA2       0  CODE        2
                idataBANK0                     0007E3  00001D  000800       FC6       0  CODE        2
                idloc                          002000  000004  002004      4000       0  IDLOC       2
                config                         002007  000001  002008      400E       0  CONFIG      2


UNUSED ADDRESS RANGES

        Name                Unused          Largest block    Delta
        BANK0            0044-007D             3A           1
        BANK1            00A0-00FD             5E           1
        CODE             0002-07BD            7BC           2
                         0800-0FFF            800
        CONST            0002-07BD            100           2
                         0800-0FFF            100
        EEDATA           2100-217F             80           2
        ENTRY            0002-07BD            100           2
                         0800-0FFF            100
        RAM              0044-007D             3A           1
                         00A0-00FD             5E
        SFR0             0000-001F             20           1
        SFR1             0080-009F             20           1
        SFR2             0100-017D             7E           1
        SFR3             0180-01FD             7E           1
        STRCODE          0002-07BD            7BC           2
                         0800-0FFF            800
        STRING           0002-07BD            100           2
                         0800-0FFF            100

                                  Symbol Table

__CFG_BOREN$OFF          (abs)        0000
__CFG_CP$OFF             (abs)        0000
__CFG_CPD$OFF            (abs)        0000
__CFG_DEBUG$OFF          (abs)        0000
__CFG_FOSC$XT            (abs)        0000
__CFG_LVP$OFF            (abs)        0000
__CFG_PWRTE$OFF          (abs)        0000
__CFG_WDTE$OFF           (abs)        0000
__CFG_WRT$OFF            (abs)        0000
__Habs1                  abs1         0000
__Hbank0                 bank0        0000
__Hbank1                 bank1        0000
__Hbank2                 bank2        0000
__Hbank3                 bank3        0000
__HbssBANK0              bssBANK0     0000
__Hcinit                 cinit        0000
__Hclrtext               clrtext      0000
__Hcode                  code         0000
__Hcommon                common       0000
__Hconfig                config       2008
__HcstackBANK0           cstackBANK0  0000
__HcstackCOMMON          cstackCOMMON 0000
__HdataBANK0             dataBANK0    0000
__Heeprom_data           eeprom_data  0000
__Hend_init              end_init     0002
__Hfunctab               functab      0000
__HidataBANK0            idataBANK0   0000
__Hidloc                 idloc        2004
__Hinit                  init         0000
__Hinittext              inittext     0000
__Hintentry              intentry     0000
__Hmaintext              maintext     0000
__Hpowerup               powerup      0000
__Hram                   ram          0000
__Hreset_vec             reset_vec    0000
__Hsfr0                  sfr0         0000
__Hsfr1                  sfr1         0000
__Hsfr2                  sfr2         0000
__Hsfr3                  sfr3         0000
__Hstrings               strings      0000
__Htext                  text         0000
__Labs1                  abs1         0000
__Lbank0                 bank0        0000
__Lbank1                 bank1        0000
__Lbank2                 bank2        0000
__Lbank3                 bank3        0000
__LbssBANK0              bssBANK0     0000
__Lcinit                 cinit        0000
__Lclrtext               clrtext      0000
__Lcode                  code         0000
__Lcommon                common       0000
__Lconfig                config       2007
__LcstackBANK0           cstackBANK0  0000
__LcstackCOMMON          cstackCOMMON 0000
__LdataBANK0             dataBANK0    0000
__Leeprom_data           eeprom_data  0000
__Lend_init              end_init     0000
__Lfunctab               functab      0000
__LidataBANK0            idataBANK0   0000
__Lidloc                 idloc        2000
__Linit                  init         0000
__Linittext              inittext     0000
__Lintentry              intentry     0000
__Lmaintext              maintext     0000
__Lpowerup               powerup      0000
__Lram                   ram          0000
__Lreset_vec             reset_vec    0000
__Lsfr0                  sfr0         0000
__Lsfr1                  sfr1         0000
__Lsfr2                  sfr2         0000
__Lsfr3                  sfr3         0000
__Lstrings               strings      0000
__Ltext                  text         0000
__S0                     (abs)        2008
__S1                     (abs)        0044
__S2                     (abs)        0000
__end_of__initialization cinit        07E0
__end_of_main            maintext     07C0
__initialization         cinit        07D1
__pbssBANK0              bssBANK0     0041
__pcstackBANK0           cstackBANK0  003D
__pcstackCOMMON          cstackCOMMON 0000
__pdataBANK0             dataBANK0    0020
__pidataBANK0            idataBANK0   07E3
__pmaintext              maintext     07BE
__size_of_main           (abs)        0000
_main                    maintext     07BE
btemp                    (abs)        007E
end_of_initialization    cinit        07E0
init_fetch               inittext     07C0
init_ram                 inittext     07C4
intlevel0                functab      0000
intlevel1                functab      0000
intlevel2                functab      0000
intlevel3                functab      0000
intlevel4                functab      0000
intlevel5                functab      0000
reset_vec                reset_vec    0000
start                    init         0000
start_initialization     cinit        07D1
wtemp0                   (abs)        007E


FUNCTION INFORMATION:

 *************** function _main *****************
 Defined at:
		line 42 in file "main.c"
 Parameters:    Size  Location     Type
  argc            2    0[BANK0 ] int 
  argv            2    2[BANK0 ] PTR PTR unsigned char 
 Auto vars:     Size  Location     Type
		None
 Return value:  Size  Location     Type
                  2    0[BANK0 ] int 
 Registers used:
		None
 Tracked objects:
		On entry : 
		On exit  : 
		Unchanged: 
 Data sizes:     COMMON   BANK0   BANK1
      Params:         0       4       0
      Locals:         0       0       0
      Temps:          0       0       0
      Totals:         0       4       0
Total ram usage:        4 bytes
 This function calls:
		Nothing
 This function is called by:
		Startup code after reset
 This function uses a non-reentrant model



MODULE INFORMATION

Module		Function		Class		Link	Load	Size
shared
		__initializatio		CODE           	07D1	0000	15

shared estimated size: 15

main.c
		_main          		CODE           	07BE	0000	2

main.c estimated size: 2

