Microchip MPLAB XC8 Compiler V1.12 ()

Linker command line:

--edf=E:\Program Files (x86)\Microchip\xc8\v1.12\dat\en_msgs.txt -cs \
  -h+dist/default/production\RS232.X.production.sym -z -Q16F873 -ol.obj \
  -Mdist/default/production/RS232.X.production.map -E1 -ver=XC8 \
  -ACONST=00h-0FFhx16 -ACODE=00h-07FFhx2 -ASTRCODE=00h-0FFFh \
  -AENTRY=00h-0FFhx16 -ASTRING=00h-0FFhx16 -ABANK0=020h-07Dh \
  -ABANK1=0A0h-0FDh -ARAM=020h-07Dh,0A0h-0FDh -AABS1=020h-07Fh,0A0h-0FFh \
  -ACOMMON=07Eh-07Fh -ASFR0=00h-01Fh -ASFR1=080h-09Fh -ASFR2=0100h-017Dh \
  -ASFR3=0180h-01FDh -preset_vec=00h,intentry,init,end_init -ppowerup=CODE \
  -pfunctab=CODE -ACONFIG=02007h-02007h -pconfig=CONFIG -DCONFIG=2 \
  -AIDLOC=02000h-02003h -pidloc=IDLOC -DIDLOC=2 -AEEDATA=00h-07Fh/02100h \
  -peeprom_data=EEDATA -DEEDATA=2 -DCODE=2 -DSTRCODE=2 -DSTRING=2 -DCONST=2 \
  -DENTRY=2 -k C:\Users\Leo\AppData\Local\Temp\s6q0.obj \
  dist/default/production\RS232.X.production.obj 

Object code version is 3.10

Machine type is 16F873



                Name                               Link     Load   Length Selector   Space Scale
C:\Users\Leo\AppData\Local\Temp\s6q0.obj
                end_init                              0        0        2        0       0
                config                             2007     2007        1     400E       0
dist/default/production\RS232.X.production.obj
                text66                              7E3      7E3       1D      FC6       0
                text65                              7CB      7CB        1      F96       0
                maintext                            7CF      7CF       14      F9E       0
                cstackBANK0                          20       20        8       20       1
                cinit                               7CC      7CC        3      F98       0

TOTAL           Name                               Link     Load   Length     Space
        CLASS   CONST          

        CLASS   CODE           
                end_init                              0        0        2         0
                text66                              7E3      7E3       1D         0
                text65                              7CB      7CB        1         0
                maintext                            7CF      7CF       14         0
                cinit                               7CC      7CC        3         0

        CLASS   STRCODE        

        CLASS   ENTRY          

        CLASS   STRING         

        CLASS   BANK0          
                cstackBANK0                          20       20        8         1

        CLASS   BANK1          

        CLASS   RAM            

        CLASS   ABS1           
                abs_s1                               7E       7E        2         1

        CLASS   COMMON         

        CLASS   SFR0           

        CLASS   SFR1           

        CLASS   SFR2           

        CLASS   SFR3           

        CLASS   CONFIG         
                config                             2007     2007        1         0

        CLASS   IDLOC          

        CLASS   EEDATA         

        CLASS   BANK3          

        CLASS   BANK2          



SEGMENTS        Name                           Load    Length   Top    Selector   Space  Class     Delta

                reset_vec                      000000  000002  000002         0       0  CODE        2
                cstackBANK0                    000020  000008  000028        20       1  BANK0       1
                text65                         0007CB  000001  0007CC       F96       0  CODE        2
                cinit                          0007CC  000003  0007CF       F98       0  CODE        2
                maintext                       0007CF  000014  0007E3       F9E       0  CODE        2
                text66                         0007E3  00001D  000800       FC6       0  CODE        2
                config                         002007  000001  002008      400E       0  CONFIG      2


UNUSED ADDRESS RANGES

        Name                Unused          Largest block    Delta
        BANK0            0028-007D             56           1
        BANK1            00A0-00FD             5E           1
        CODE             0002-07CA            7C9           2
                         0800-0FFF            800
        CONST            0002-07CA            100           2
                         0800-0FFF            100
        EEDATA           2100-217F             80           2
        ENTRY            0002-07CA            100           2
                         0800-0FFF            100
        IDLOC            2000-2003              4           2
        RAM              0028-007D             56           1
                         00A0-00FD             5E
        SFR0             0000-001F             20           1
        SFR1             0080-009F             20           1
        SFR2             0100-017D             7E           1
        SFR3             0180-01FD             7E           1
        STRCODE          0002-07CA            7C9           2
                         0800-0FFF            800
        STRING           0002-07CA            100           2
                         0800-0FFF            100

                                  Symbol Table

?_ConfigureUsart              cstackBANK0  0020
ConfigureUsart@brgh           cstackBANK0  0020
ConfigureUsart@sbprg          cstackBANK0  0022
_ConfigureOscillator          text65       07CB
_ConfigureUsart               text66       07E3
_PORTBbits                    (abs)        0006
_RCIE                         (abs)        0465
_RCIF                         (abs)        0065
_RCREG                        (abs)        001A
_RCSTAbits                    (abs)        0018
_SPBRG                        (abs)        0099
_TXIF                         (abs)        0064
_TXREG                        (abs)        0019
_TXSTAbits                    (abs)        0098
__CFG_BOREN$OFF               (abs)        0000
__CFG_CP$OFF                  (abs)        0000
__CFG_CPD$OFF                 (abs)        0000
__CFG_DEBUG$OFF               (abs)        0000
__CFG_FOSC$XT                 (abs)        0000
__CFG_LVP$OFF                 (abs)        0000
__CFG_PWRTE$OFF               (abs)        0000
__CFG_WDTE$OFF                (abs)        0000
__CFG_WRT$OFF                 (abs)        0000
__Habs1                       abs1         0000
__Hbank0                      bank0        0000
__Hbank1                      bank1        0000
__Hbank2                      bank2        0000
__Hbank3                      bank3        0000
__Hcinit                      cinit        0000
__Hclrtext                    clrtext      0000
__Hcode                       code         0000
__Hcommon                     common       0000
__Hconfig                     config       2008
__HcstackBANK0                cstackBANK0  0000
__HcstackCOMMON               cstackCOMMON 0000
__Heeprom_data                eeprom_data  0000
__Hend_init                   end_init     0002
__Hfunctab                    functab      0000
__Hidloc                      idloc        0000
__Hinit                       init         0000
__Hintentry                   intentry     0000
__Hmaintext                   maintext     0000
__Hpowerup                    powerup      0000
__Hram                        ram          0000
__Hreset_vec                  reset_vec    0000
__Hsfr0                       sfr0         0000
__Hsfr1                       sfr1         0000
__Hsfr2                       sfr2         0000
__Hsfr3                       sfr3         0000
__Hstrings                    strings      0000
__Htext                       text         0000
__Labs1                       abs1         0000
__Lbank0                      bank0        0000
__Lbank1                      bank1        0000
__Lbank2                      bank2        0000
__Lbank3                      bank3        0000
__Lcinit                      cinit        0000
__Lclrtext                    clrtext      0000
__Lcode                       code         0000
__Lcommon                     common       0000
__Lconfig                     config       2007
__LcstackBANK0                cstackBANK0  0000
__LcstackCOMMON               cstackCOMMON 0000
__Leeprom_data                eeprom_data  0000
__Lend_init                   end_init     0000
__Lfunctab                    functab      0000
__Lidloc                      idloc        0000
__Linit                       init         0000
__Lintentry                   intentry     0000
__Lmaintext                   maintext     0000
__Lpowerup                    powerup      0000
__Lram                        ram          0000
__Lreset_vec                  reset_vec    0000
__Lsfr0                       sfr0         0000
__Lsfr1                       sfr1         0000
__Lsfr2                       sfr2         0000
__Lsfr3                       sfr3         0000
__Lstrings                    strings      0000
__Ltext                       text         0000
__S0                          (abs)        2008
__S1                          (abs)        0028
__S2                          (abs)        0000
__end_of_ConfigureOscillator  text65       07CC
__end_of_ConfigureUsart       text66       0800
__end_of__initialization      cinit        07CC
__end_of_main                 maintext     07E3
__initialization              cinit        07CC
__pcstackBANK0                cstackBANK0  0020
__pcstackCOMMON               cstackCOMMON 0000
__pmaintext                   maintext     07CF
__ptext64                     text64       0000
__ptext65                     text65       07CB
__ptext66                     text66       07E3
__ptext67                     text67       0000
__size_of_ConfigureOscillator (abs)        0000
__size_of_ConfigureUsart      (abs)        0000
__size_of_main                (abs)        0000
_main                         maintext     07CF
btemp                         (abs)        007E
end_of_initialization         cinit        07CC
intlevel0                     functab      0000
intlevel1                     functab      0000
intlevel2                     functab      0000
intlevel3                     functab      0000
intlevel4                     functab      0000
intlevel5                     functab      0000
reset_vec                     reset_vec    0000
start                         init         0000
start_initialization          cinit        07CC
wtemp0                        (abs)        007E


FUNCTION INFORMATION:

 *************** function _main *****************
 Defined at:
		line 27 in file "main.c"
 Parameters:    Size  Location     Type
  argc            2    4[BANK0 ] int 
  argv            2    6[BANK0 ] PTR PTR unsigned char 
 Auto vars:     Size  Location     Type
		None
 Return value:  Size  Location     Type
                  2    4[BANK0 ] int 
 Registers used:
		wreg, status,2, status,0, pclath, cstack
 Tracked objects:
		On entry : 
		On exit  : 
		Unchanged: 
 Data sizes:     COMMON   BANK0   BANK1
      Params:         0       4       0
      Locals:         0       0       0
      Temps:          0       0       0
      Totals:         0       4       0
Total ram usage:        4 bytes
 Hardware stack levels required when called:    1
 This function calls:
		_ConfigureOscillator
		_ConfigureUsart
 This function is called by:
		Startup code after reset
 This function uses a non-reentrant model


 *************** function _ConfigureOscillator *****************
 Defined at:
		line 19 in file "system.c"
 Parameters:    Size  Location     Type
		None
 Auto vars:     Size  Location     Type
		None
 Return value:  Size  Location     Type
		None               void
 Registers used:
		None
 Tracked objects:
		On entry : 
		On exit  : 
		Unchanged: 
 Data sizes:     COMMON   BANK0   BANK1
      Params:         0       0       0
      Locals:         0       0       0
      Temps:          0       0       0
      Totals:         0       0       0
Total ram usage:        0 bytes
 Hardware stack levels used:    1
 This function calls:
		Nothing
 This function is called by:
		_main
 This function uses a non-reentrant model


 *************** function _ConfigureUsart *****************
 Defined at:
		line 20 in file "usart.c"
 Parameters:    Size  Location     Type
  brgh            2    0[BANK0 ] int 
  sbprg           2    2[BANK0 ] int 
 Auto vars:     Size  Location     Type
		None
 Return value:  Size  Location     Type
		None               void
 Registers used:
		wreg
 Tracked objects:
		On entry : 
		On exit  : 
		Unchanged: 
 Data sizes:     COMMON   BANK0   BANK1
      Params:         0       4       0
      Locals:         0       0       0
      Temps:          0       0       0
      Totals:         0       4       0
Total ram usage:        4 bytes
 Hardware stack levels used:    1
 This function calls:
		Nothing
 This function is called by:
		_main
 This function uses a non-reentrant model



MODULE INFORMATION

Module		Function		Class		Link	Load	Size
shared
		__initializatio		CODE           	07CC	0000	0

shared estimated size: 0

main.c
		_main          		CODE           	07CF	0000	20

main.c estimated size: 20

system.c
		_ConfigureOscil		CODE           	07CB	0000	1

system.c estimated size: 1

usart.c
		_ConfigureUsart		CODE           	07E3	0000	29

usart.c estimated size: 29

